// Jest Snapshot v1, https://goo.gl/fbAQLP

exports[`Button - RaisedButton component Matches/Renders a snapshot 1`] = `
<a
  className="btn testClass"
  onClick={[Function]}
>
  Test button text
</a>
`;
