// Jest Snapshot v1, https://goo.gl/fbAQLP

exports[`Card - Card Title component Matches/Renders a snapshot 1`] = `
<span
  className="card-title"
>
  Test title
</span>
`;
